<?xml version="1.0" encoding="UTF-8"?>
<TestRun id="acb3c4e5-d376-4958-9f9b-accff23a1fb5" name="MisterJordan@MISTERJORDAN-HP 2015-02-23 16:38:36" runUser="MisterJordan-HP\MisterJordan" xmlns="http://microsoft.com/schemas/VisualStudio/TeamTest/2010">
  <TestSettings name="Local" id="c230cfe4-546b-41a8-92e0-5de5def8041b">
    <Description>These are default test settings for a local test run.</Description>
    <Deployment enabled="false" runDeploymentRoot="MisterJordan_MISTERJORDAN-HP 2015-02-23 16_38_36">
      <DeploymentItem filename="C:\Users\MisterJordan\Desktop\University\CET203 - Software Development\C# Projects\Assignment 2 - Letoh\Letoh v4.0\Letoh HMS\bin\Debug\Letoh HMS.exe" />
    </Deployment>
    <Execution>
      <TestTypeSpecific />
      <AgentRule name="Execution Agents">
      </AgentRule>
    </Execution>
  </TestSettings>
  <Times creation="2015-02-23T16:38:36.7163605+00:00" queuing="2015-02-23T16:38:36.7773640+00:00" start="2015-02-23T16:38:36.8163662+00:00" finish="2015-02-23T16:38:40.0805529+00:00" />
  <ResultSummary outcome="Failed">
    <Counters total="2" executed="2" passed="1" error="0" failed="1" timeout="0" aborted="0" inconclusive="0" passedButRunAborted="0" notRunnable="0" notExecuted="0" disconnected="0" warning="0" completed="0" inProgress="0" pending="0" />
    <RunInfos>
      <RunInfo computerName="MISTERJORDAN-HP" outcome="Warning" timestamp="2015-02-23T16:38:36.7773640+00:00">
        <Text>Deployment is currently disabled. The deployment item 'Letoh HMS.exe' on test 'LetohHMSTests.FormBasedUITest.LoadLetohDataTest' was not deployed.</Text>
      </RunInfo>
    </RunInfos>
  </ResultSummary>
  <TestDefinitions>
    <UnitTest name="LoadLetohDataTest" storage="c:\users\misterjordan\desktop\university\cet203 - software development\c# projects\assignment 2 - letoh\letoh v4.0\letohhmstests\bin\debug\letohhmstests.dll" id="2b898e01-908d-ed09-6073-408f58a59635">
      <DeploymentItems>
        <DeploymentItem filename="Letoh HMS.exe" />
      </DeploymentItems>
      <Execution id="a772b0d3-99c7-4713-954c-6f57463ead58" />
      <TestMethod codeBase="C:/Users/MisterJordan/Desktop/University/CET203 - Software Development/C# Projects/Assignment 2 - Letoh/Letoh v4.0/LetohHMSTests/bin/Debug/LetohHMSTests.DLL" adapterTypeName="Microsoft.VisualStudio.TestTools.TestTypes.Unit.UnitTestAdapter, Microsoft.VisualStudio.QualityTools.Tips.UnitTest.Adapter, Version=10.0.0.0, Culture=neutral, PublicKeyToken=b03f5f7f11d50a3a" className="LetohHMSTests.FormBasedUITest, LetohHMSTests, Version=1.0.0.0, Culture=neutral, PublicKeyToken=null" name="LoadLetohDataTest" />
    </UnitTest>
    <UnitTest name="TestMethod1" storage="c:\users\misterjordan\desktop\university\cet203 - software development\c# projects\assignment 2 - letoh\letoh v4.0\letohhmstests\bin\debug\letohhmstests.dll" id="c64afb9c-757f-0d94-32c2-d8583c48286b">
      <Execution id="57806545-f078-4b12-9de4-c552d2d5755b" />
      <TestMethod codeBase="C:/Users/MisterJordan/Desktop/University/CET203 - Software Development/C# Projects/Assignment 2 - Letoh/Letoh v4.0/LetohHMSTests/bin/Debug/LetohHMSTests.DLL" adapterTypeName="Microsoft.VisualStudio.TestTools.TestTypes.Unit.UnitTestAdapter, Microsoft.VisualStudio.QualityTools.Tips.UnitTest.Adapter, Version=10.0.0.0, Culture=neutral, PublicKeyToken=b03f5f7f11d50a3a" className="LetohHMSTests.ReadFileTest, LetohHMSTests, Version=1.0.0.0, Culture=neutral, PublicKeyToken=null" name="TestMethod1" />
    </UnitTest>
  </TestDefinitions>
  <TestLists>
    <TestList name="Results Not in a List" id="8c84fa94-04c1-424b-9868-57a2d4851a1d" />
    <TestList name="All Loaded Results" id="19431567-8539-422a-85d7-44ee4e166bda" />
  </TestLists>
  <TestEntries>
    <TestEntry testId="2b898e01-908d-ed09-6073-408f58a59635" executionId="a772b0d3-99c7-4713-954c-6f57463ead58" testListId="8c84fa94-04c1-424b-9868-57a2d4851a1d" />
    <TestEntry testId="c64afb9c-757f-0d94-32c2-d8583c48286b" executionId="57806545-f078-4b12-9de4-c552d2d5755b" testListId="8c84fa94-04c1-424b-9868-57a2d4851a1d" />
  </TestEntries>
  <Results>
    <UnitTestResult executionId="a772b0d3-99c7-4713-954c-6f57463ead58" testId="2b898e01-908d-ed09-6073-408f58a59635" testName="LoadLetohDataTest" computerName="MISTERJORDAN-HP" duration="00:00:03.0618445" startTime="2015-02-23T16:38:36.7883646+00:00" endTime="2015-02-23T16:38:40.0575516+00:00" testType="13cdc9d9-ddb5-4fa4-a97d-d965ccfc6d4b" outcome="Failed" testListId="8c84fa94-04c1-424b-9868-57a2d4851a1d" relativeResultsDirectory="a772b0d3-99c7-4713-954c-6f57463ead58">
      <Output>
        <ErrorInfo>
          <Message>Test method LetohHMSTests.FormBasedUITest.LoadLetohDataTest threw exception: 
System.NullReferenceException: Object reference not set to an instance of an object.</Message>
          <StackTrace>    at Letoh_HMS.FormBasedUI.LoadLetohData() in C:\Users\MisterJordan\Desktop\University\CET203 - Software Development\C# Projects\Assignment 2 - Letoh\Letoh v4.0\Letoh HMS\FormInterfaces\FormBasedUI.cs:line 178
   at LetohHMSTests.FormBasedUITest.LoadLetohDataTest() in C:\Users\MisterJordan\Desktop\University\CET203 - Software Development\C# Projects\Assignment 2 - Letoh\Letoh v4.0\LetohHMSTests\FormBasedUITest.cs:line 78
</StackTrace>
        </ErrorInfo>
      </Output>
    </UnitTestResult>
    <UnitTestResult executionId="57806545-f078-4b12-9de4-c552d2d5755b" testId="c64afb9c-757f-0d94-32c2-d8583c48286b" testName="TestMethod1" computerName="MISTERJORDAN-HP" duration="00:00:00.0002160" startTime="2015-02-23T16:38:40.0585517+00:00" endTime="2015-02-23T16:38:40.0615519+00:00" testType="13cdc9d9-ddb5-4fa4-a97d-d965ccfc6d4b" outcome="Passed" testListId="8c84fa94-04c1-424b-9868-57a2d4851a1d" relativeResultsDirectory="57806545-f078-4b12-9de4-c552d2d5755b">
    </UnitTestResult>
  </Results>
</TestRun>